       site  d50_ratio  d_frac_si_pp  d_frac_graphite_pp  d_frac_pore_pp
0  4ih2ggld      1.000        -0.089               0.112          -0.496
1  5n1q8atc      1.018        -0.093               0.073          -0.082
2  f1vzngrs      1.000        -0.490               0.927           0.113
3  ffwubibz      0.935        -0.039               0.025           0.103
4  fzrt2k6r      0.955        -0.245               0.446           0.095
5  iv6g2oq0      1.026        -0.043               0.093          -0.091
6  uhdslk0o      1.000        -0.056               0.112           0.126
                           kpi  mean_full  mean_half  mean_diff  rel_diff  spearman
0                      frac_si     0.0991     0.1224     0.0232    0.2080    0.9758
1                frac_graphite     0.8375     0.8031    -0.0344   -0.0423    0.9758
2                    frac_pore     0.0424     0.0388    -0.0036   -0.0847    0.9790
3                frac_artefact     0.0011     0.0011    -0.0001   -0.1293    0.9286
4              K01_si_frac_adm     0.6040     0.6112     0.0072    0.0126    0.9806
5   K02_si_density_per_1000um2   583.9065   460.7855  -123.1210   -0.2025    0.5802
6               K03_ecd_d50_um     0.4037     0.4428     0.0391    0.0973    0.8659
7               K03_ecd_d90_um     1.4805     1.7247     0.2441    0.1673    0.7859
8               K03_ecd_max_um     8.2217     9.3069     1.0852    0.1297    0.8560
9              K04_agglom_frac     0.4990     0.5555     0.0566    0.1092    0.9270
10  K04_n_clusters_per_1000um2   277.0222   241.1604   -35.8618   -0.1430    0.9258
{'kpi_commit': '9d83e3a3fd0518cfbe36088436cff28f110bac16', 'g2_pass': False, 'g2_d50_ratio_mean': 0.9906038648369561}
