{
  "n_sites": 31,
  "si_iou_median": 0.882137989541611,
  "si_iou_min": 0.680970736775808,
  "pore_iou_median": 0.6228897873088416,
  "K01": {
    "spearman": 0.8560483870967743,
    "p": 8.283406498019321e-10,
    "median_v0r1": 0.05949274498708069,
    "median_ab": 0.053755769902121775,
    "kw_batch_v0r1": 0.3767861372157942,
    "kw_batch_ab": 0.13877165672200617,
    "batch_medians_ab": {
      "Batch_1": 0.058340535079604655,
      "Batch_2": 0.0521370499887195,
      "Batch_3": 0.050378752779836916
    }
  },
  "pore": {
    "spearman": 0.9233870967741935,
    "p": 1.3821922426320545e-13,
    "median_v0r1": 0.03754588294580944,
    "median_ab": 0.061811582184818574,
    "kw_batch_v0r1": 0.7671976311708629,
    "kw_batch_ab": 0.6597024449838063,
    "batch_medians_ab": {
      "Batch_1": 0.06168143531817518,
      "Batch_2": 0.06233601720280373,
      "Batch_3": 0.061811582184818574
    }
  },
  "into_graphite": {
    "spearman": 0.3774193548387097,
    "p": 0.03633607108555494,
    "median_v0r1": 0.8671300176419109,
    "median_ab": 0.9130344061146266,
    "kw_batch_v0r1": 0.014945053576423598,
    "kw_batch_ab": 0.7292519678299797,
    "batch_medians_ab": {
      "Batch_1": 0.9173094778944361,
      "Batch_2": 0.9084574335645983,
      "Batch_3": 0.915565527234549
    }
  },
  "not_into_pore": {
    "spearman": 0.8411290322580646,
    "p": 3.128815352168616e-09,
    "median_v0r1": 0.9494631746674086,
    "median_ab": 0.9130344061146266,
    "kw_batch_v0r1": 0.46882657090015034,
    "kw_batch_ab": 0.7292519678299797,
    "batch_medians_ab": {
      "Batch_1": 0.9173094778944361,
      "Batch_2": 0.9084574335645983,
      "Batch_3": 0.915565527234549
    }
  },
  "pore_loss": {
    "spearman": 0.9701612903225809,
    "p": 2.1570955276816242e-19,
    "median_v0r1": 0.13127314674276,
    "median_ab": 0.11910528884252564,
    "kw_batch_v0r1": 0.1393654019130086,
    "kw_batch_ab": 0.14594794149144327,
    "batch_medians_ab": {
      "Batch_1": 0.14479567270112248,
      "Batch_2": 0.11967892301927233,
      "Batch_3": 0.11347023741209342
    }
  }
}
